[10:19:22] ofac-sdn fetching...
[10:19:46] ofac-sdn OK 5.5M
[10:19:46] ofac-alt fetching...
[10:19:53] ofac-alt OK 1.1M
[10:19:53] loghub-hdfs fetching...
[10:19:55] loghub-hdfs OK 284K
[10:19:55] loghub-bgl fetching...
[10:19:57] loghub-bgl OK 312K
[10:19:57] online-retail fetching...
[10:21:04] ami-corpus fetching...
[10:23:16] ami-corpus OK 22M
[10:23:16] loghub-hpc fetching...
[10:23:18] loghub-hpc OK 148K
[10:23:18] loghub-zk fetching...
[10:23:19] loghub-zk OK 276K
[10:23:19] loghub-oz fetching...
[10:23:22] loghub-oz OK 584K
[10:23:22] un-sanctions fetching...
[10:23:34] un-sanctions OK 2.1M
[10:23:34] sam-opps fetching...
curl: (6) Could not resolve host: api.sam.gov
curl: (6) Could not resolve host: api.sam.gov
curl: (6) Could not resolve host: api.sam.gov
curl: (6) Could not resolve host: api.sam.gov
[10:23:50] sam-opps FAILED
[10:23:50] batch2 done
[10:23:54] online-retail OK 44M
[10:23:54] done
[10:24:25] synthea fetching...
[10:24:43] synthea OK 5.7M
[10:24:43] ted-sample fetching...
[10:24:44] ted-sample OK 4.0K
[10:24:44] osv-pypi fetching...
[10:26:17] osv-pypi OK 33M
[10:26:17] batch3 done
[10:27:45] resumes fetching...
[10:27:46] resumes OK 1.0K
[10:27:46] locomo fetching...
[10:27:54] locomo OK 2.7M
[10:27:54] tsplib fetching...
[10:27:55] tsplib OK 4.0K
[10:27:55] tsplib-opt fetching...
[10:27:56] tsplib-opt OK 1.0K
[10:27:56] sec-tickers fetching...
[10:27:57] sec-tickers OK 4.0K
[10:27:57] batch4 done
[10:37:36] itc-comp07 fetching...
[10:37:36] itc-comp07 OK 1.0K
[10:37:36] itc-comp01 fetching...
[10:37:37] itc-comp01 OK 1.0K
[10:37:37] products fetching...
curl: (6) Could not resolve host: dummyjson.com
curl: (6) Could not resolve host: dummyjson.com
curl: (6) Could not resolve host: dummyjson.com
[10:37:40] products FAILED
[10:37:40] resumes2 fetching...
[10:37:41] resumes2 OK 1.0K
[10:37:41] usaspending fetching...
[10:37:45] usaspending OK 292K
[10:37:45] batch5 done
[10:42:27] itc07 present
[10:42:27] itc07b fetching...
[10:42:28] itc07b OK 1.0K
[10:42:28] sec present
[10:42:28] openfood fetching...
[10:42:29] openfood OK 1.0K
[10:42:29] ecfr fetching...
[10:42:31] ecfr OK 264K
[10:42:31] batch6 done
[10:43:40] rfc2119 fetching...
[10:43:41] rfc2119 OK 8.0K
[10:43:41] rfc7231 fetching...
[10:43:42] rfc7231 OK 232K
[10:43:42] rfc8446 fetching...
[10:43:43] rfc8446 OK 332K
[10:43:44] rfc6749 fetching...
[10:43:45] rfc6749 OK 160K
[10:43:45] rfc7519 fetching...
[10:43:46] rfc7519 OK 64K
[10:43:46] rfc9110 fetching...
[10:43:47] rfc9110 OK 492K
[10:43:47] batch7 done
